MPLINK 5.08, LINKER
Linker Map File - Created Fri Aug  3 21:51:38 2018

                                 Section Info
                  Section       Type    Address   Location Size(Bytes)
                ---------  ---------  ---------  ---------  ---------
                   .org_0       code   0x000000    program   0x000000
                   .org_1       code   0x000000    program   0x000002
                   .org_2       code   0x000004    program   0x000098
.config_2007_/HOME/SUANNYFABYNE/MPLABXPROJECT       code   0x002007    program   0x000002



                              Program Memory Usage 
                               Start         End      
                           ---------   ---------      
                            0x000000    0x000000      
                            0x000004    0x00004f      
                            0x002007    0x002007      
            78 out of 1158 program addresses used, program memory utilization is 6%



                              Symbols - Sorted by Name
                     Name    Address   Location    Storage File                     
                ---------  ---------  ---------  --------- ---------                
              AINDANSUBIU   0x000021    program     static /home/suannyfabyne/MPLABXProjects/atividade3.X/Vazio.ASM
               CABOUTIMER   0x00004a    program     static /home/suannyfabyne/MPLABXProjects/atividade3.X/Vazio.ASM
                   CHECK1   0x00001c    program     static /home/suannyfabyne/MPLABXProjects/atividade3.X/Vazio.ASM
                   CHECK2   0x000025    program     static /home/suannyfabyne/MPLABXProjects/atividade3.X/Vazio.ASM
                   CHECK3   0x000027    program     static /home/suannyfabyne/MPLABXProjects/atividade3.X/Vazio.ASM
                   CHECK4   0x00002c    program     static /home/suannyfabyne/MPLABXProjects/atividade3.X/Vazio.ASM
                    DELAY   0x000046    program     static /home/suannyfabyne/MPLABXProjects/atividade3.X/Vazio.ASM
               DONESIGNAL   0x00003b    program     static /home/suannyfabyne/MPLABXProjects/atividade3.X/Vazio.ASM
                   INICIO   0x00000d    program     static /home/suannyfabyne/MPLABXProjects/atividade3.X/Vazio.ASM
                      LED   0x000043    program     static /home/suannyfabyne/MPLABXProjects/atividade3.X/Vazio.ASM
                   LEDOFF   0x000045    program     static /home/suannyfabyne/MPLABXProjects/atividade3.X/Vazio.ASM
                     MAIN   0x000018    program     static /home/suannyfabyne/MPLABXProjects/atividade3.X/Vazio.ASM
                  SAI_INT   0x000007    program     static /home/suannyfabyne/MPLABXProjects/atividade3.X/Vazio.ASM
                   SALVA0   0x000031    program     static /home/suannyfabyne/MPLABXProjects/atividade3.X/Vazio.ASM
                   SALVA1   0x000036    program     static /home/suannyfabyne/MPLABXProjects/atividade3.X/Vazio.ASM
               SUBROTINA1   0x00000c    program     static /home/suannyfabyne/MPLABXProjects/atividade3.X/Vazio.ASM
                    TIMER   0x00004d    program     static /home/suannyfabyne/MPLABXProjects/atividade3.X/Vazio.ASM



                              Symbols - Sorted by Address
                     Name    Address   Location    Storage File                     
                ---------  ---------  ---------  --------- ---------                
                  SAI_INT   0x000007    program     static /home/suannyfabyne/MPLABXProjects/atividade3.X/Vazio.ASM
               SUBROTINA1   0x00000c    program     static /home/suannyfabyne/MPLABXProjects/atividade3.X/Vazio.ASM
                   INICIO   0x00000d    program     static /home/suannyfabyne/MPLABXProjects/atividade3.X/Vazio.ASM
                     MAIN   0x000018    program     static /home/suannyfabyne/MPLABXProjects/atividade3.X/Vazio.ASM
                   CHECK1   0x00001c    program     static /home/suannyfabyne/MPLABXProjects/atividade3.X/Vazio.ASM
              AINDANSUBIU   0x000021    program     static /home/suannyfabyne/MPLABXProjects/atividade3.X/Vazio.ASM
                   CHECK2   0x000025    program     static /home/suannyfabyne/MPLABXProjects/atividade3.X/Vazio.ASM
                   CHECK3   0x000027    program     static /home/suannyfabyne/MPLABXProjects/atividade3.X/Vazio.ASM
                   CHECK4   0x00002c    program     static /home/suannyfabyne/MPLABXProjects/atividade3.X/Vazio.ASM
                   SALVA0   0x000031    program     static /home/suannyfabyne/MPLABXProjects/atividade3.X/Vazio.ASM
                   SALVA1   0x000036    program     static /home/suannyfabyne/MPLABXProjects/atividade3.X/Vazio.ASM
               DONESIGNAL   0x00003b    program     static /home/suannyfabyne/MPLABXProjects/atividade3.X/Vazio.ASM
                      LED   0x000043    program     static /home/suannyfabyne/MPLABXProjects/atividade3.X/Vazio.ASM
                   LEDOFF   0x000045    program     static /home/suannyfabyne/MPLABXProjects/atividade3.X/Vazio.ASM
                    DELAY   0x000046    program     static /home/suannyfabyne/MPLABXProjects/atividade3.X/Vazio.ASM
               CABOUTIMER   0x00004a    program     static /home/suannyfabyne/MPLABXProjects/atividade3.X/Vazio.ASM
                    TIMER   0x00004d    program     static /home/suannyfabyne/MPLABXProjects/atividade3.X/Vazio.ASM


